// Jest Snapshot v1, https://goo.gl/fbAQLP

exports[`IDE error message component renders error message 1`] = `
"<div role=\\"alert\\" class=\\"gl-alert gl-alert-danger\\"><svg class=\\"gl-icon s16 gl-alert-icon gl-alert-icon-no-title\\">
    <use href=\\"#error\\"></use>
  </svg> <button type=\\"button\\" aria-label=\\"Dismiss\\" class=\\"gl-alert-dismiss\\"><svg class=\\"gl-icon s16\\">
      <use href=\\"#close\\"></use>
    </svg></button>
  <!---->
  <div class=\\"gl-alert-body\\"><span>some <strong>text</strong></span>
    <glloadingicon-stub label=\\"Loading\\" size=\\"sm\\" color=\\"orange\\" inline=\\"true\\" style=\\"display: none;\\"></glloadingicon-stub>
  </div>
  <div class=\\"gl-alert-actions\\"><button type=\\"button\\" class=\\"btn gl-alert-action btn-danger btn-md new-gl-button\\">
      <!---->
      test action
    </button></div>
</div>"
`;
