// Jest Snapshot v1, https://goo.gl/fbAQLP

exports[`RecentActivityCard matches the snapshot 1`] = `
<div
  class="card"
>
  <!---->
  <div
    class="card-header"
  >
    <strong>
      Recent Activity
    </strong>
  </div>
  <div
    class="card-body"
  >
    <!---->
    <!---->
     
    <div
      class="d-flex"
    >
      <div
        class="js-metric-card-item flex-grow text-center"
      >
        <h3
          class="gl-my-2"
        >
          4
        </h3>
         
        <p
          class="text-secondary gl-font-sm mb-2"
        >
          New Issues
        </p>
      </div>
      <div
        class="js-metric-card-item flex-grow text-center"
      >
        <h3
          class="gl-my-2"
        >
          -
        </h3>
         
        <p
          class="text-secondary gl-font-sm mb-2"
        >
          Deploys
        </p>
      </div>
      <div
        class="js-metric-card-item flex-grow text-center"
      >
        <h3
          class="gl-my-2"
        >
          -
        </h3>
         
        <p
          class="text-secondary gl-font-sm mb-2"
        >
          Deployment Frequency
        </p>
      </div>
    </div>
     
  </div>
  <!---->
  <!---->
</div>
`;
