// Jest Snapshot v1, https://goo.gl/fbAQLP

exports[`Code navigation popover component renders popover 1`] = `
<div
  class="popover code-navigation-popover popover-font-size-normal gl-popover bs-popover-bottom show"
  style="left: 0px; top: 0px;"
>
  <div
    class="arrow"
    style="left: 0px;"
  />
   
  <div
    class="overflow-auto code-navigation-popover-container"
  >
    <div
      class=""
    >
      <pre
        class="border-0 bg-transparent m-0 code highlight text-wrap"
      >
        <span
          class="line"
          lang="javascript"
        >
          <span
            class="k"
          >
            function
          </span>
          <span>
             main() {
          </span>
        </span>
        <span
          class="line"
          lang="javascript"
        >
          <span>
            }
          </span>
        </span>
      </pre>
    </div>
  </div>
   
  <div
    class="popover-body border-top"
  >
    <gl-button-stub
      category="tertiary"
      class="w-100"
      data-testid="go-to-definition-btn"
      href="http://gitlab.com/test.js"
      icon=""
      size="medium"
      target="_blank"
      variant="default"
    >
      
      Go to definition
    
    </gl-button-stub>
  </div>
</div>
`;
