// Jest Snapshot v1, https://goo.gl/fbAQLP

exports[`SidebarDatePicker renders expected template 1`] = `
<div
  class="block date epic-date"
>
  <collapsed-calendar-icon-stub
    class="sidebar-collapsed-icon"
    containerclass=""
    showicon="true"
    text="None"
    tooltiptext=""
  />
   
  <div
    class="title"
  >
    
    Date
    
    <!---->
     
    <div
      class="float-right d-flex"
    >
      <gl-icon-stub
        arialabel="Help"
        class="help-icon gl-mr-2"
        name="question-o"
        size="16"
        tabindex="0"
      />
       
      <gl-popover-stub
        boundary="viewport"
        cssclasses=""
        placement="left"
        target="function() {
                      return _vm.$refs.epicDatePopover.$el
                    }"
        triggers="focus"
      >
        <p>
          These dates affect how your epics appear in the roadmap. Dates from milestones come from the milestones assigned to issues in the epic. You can also set fixed dates or remove them entirely.
        </p>
         
        <gl-link-stub
          href="/help/user/group/epics/index.md#start-date-and-due-date"
          target="_blank"
        >
          More information
        </gl-link-stub>
      </gl-popover-stub>
       
      <gl-button-stub
        buttontextclasses=""
        category="primary"
        class="btn-sidebar-action"
        icon=""
        size="medium"
        variant="link"
      >
        
        Edit
      
      </gl-button-stub>
       
      <!---->
    </div>
  </div>
   
  <div
    class="value"
  >
    <div
      class="value-type-fixed text-secondary is-option-selected d-flex"
    >
      <input
        name="datetype_test"
        type="radio"
      />
       
      <span
        class="gl-ml-2"
      >
        Fixed:
      </span>
       
      <span
        class="d-flex value-content gl-ml-1"
      >
        <span
          class="no-value"
        >
           None 
        </span>
      </span>
    </div>
     
    <abbr
      class="value-type-dynamic text-secondary d-flex gl-mt-3"
      title="Select an issue with milestone to set date"
    >
      <input
        name="datetype_test"
        type="radio"
      />
       
      <span
        class="gl-ml-2"
      >
        Inherited:
      </span>
       
      <span
        class="value-content gl-ml-1"
      >
        None
      </span>
       
      <!---->
    </abbr>
  </div>
</div>
`;
