// Jest Snapshot v1, https://goo.gl/fbAQLP

exports[`LicenseCard renders license card with a delete button and license body 1`] = `
<div
  class="card license-card mb-5"
>
  <div
    class="card-header"
  >
    <div
      class="d-flex justify-content-between align-items-center"
    >
      <h4>
        
        GitLab Enterprise Edition Super duper
      
      </h4>
       
      <gl-dropdown-stub
        category="tertiary"
        class="js-manage-license"
        headertext=""
        right=""
        size="medium"
        text="Manage"
        variant="default"
      >
        <!---->
         
        <gl-dropdown-item-stub
          avatarurl=""
          class="js-delete-license text-danger"
          iconcolor=""
          iconname=""
          iconrightname=""
          secondarytext=""
        >
          
          Delete license
        
        </gl-dropdown-item-stub>
      </gl-dropdown-stub>
    </div>
  </div>
   
  <license-card-body-stub
    activeusercount="10"
    guestusercount="8"
    license="[object Object]"
  />
</div>
`;
