// Jest Snapshot v1, https://goo.gl/fbAQLP

exports[`ConanInstallation renders all the messages 1`] = `
<div>
  <h3
    class="gl-font-lg"
  >
    Installation
  </h3>
   
  <h4
    class="gl-font-base"
  >
    
    Conan Command
  
  </h4>
   
  <code-instruction-stub
    copytext="Copy Conan Command"
    instruction="foo/command"
    trackingaction="copy_conan_command"
  />
   
  <h3
    class="gl-font-lg"
  >
    Registry setup
  </h3>
   
  <h4
    class="gl-font-base"
  >
    
    Add Conan Remote
  
  </h4>
   
  <code-instruction-stub
    copytext="Copy Conan Setup Command"
    instruction="foo/setup"
    trackingaction="copy_conan_setup_command"
  />
   
  <gl-sprintf-stub
    message="For more information on the Conan registry, %{linkStart}see the documentation%{linkEnd}."
  />
</div>
`;
