// Jest Snapshot v1, https://goo.gl/fbAQLP

exports[`NugetInstallation renders all the messages 1`] = `
<div>
  <h3
    class="gl-font-lg"
  >
    Installation
  </h3>
   
  <h4
    class="gl-font-base"
  >
    
    NuGet Command
  
  </h4>
   
  <code-instruction-stub
    copytext="Copy NuGet Command"
    instruction="foo/command"
    trackingaction="copy_nuget_install_command"
  />
   
  <h3
    class="gl-font-lg"
  >
    Registry setup
  </h3>
   
  <h4
    class="gl-font-base"
  >
    
    Add NuGet Source
  
  </h4>
   
  <code-instruction-stub
    copytext="Copy NuGet Setup Command"
    instruction="foo/setup"
    trackingaction="copy_nuget_setup_command"
  />
   
  <gl-sprintf-stub
    message="For more information on the NuGet registry, %{linkStart}see the documentation%{linkEnd}."
  />
</div>
`;
