// Jest Snapshot v1, https://goo.gl/fbAQLP

exports[`Design management design version dropdown component renders design version dropdown button 1`] = `
<gldropdown-stub
  class="design-version-dropdown"
  issueiid=""
  projectpath=""
  text="Showing Latest Version"
  variant="link"
>
  <gldropdownitem-stub>
    <router-link-stub
      class="d-flex js-version-link"
      to="[object Object]"
    >
      <div
        class="flex-grow-1 ml-2"
      >
        <div>
          <strong>
            Version 2
            
            <span>
              (latest)
            </span>
          </strong>
        </div>
      </div>
       
      <i
        class="fa fa-check pull-right"
      />
    </router-link-stub>
  </gldropdownitem-stub>
  <gldropdownitem-stub>
    <router-link-stub
      class="d-flex js-version-link"
      to="[object Object]"
    >
      <div
        class="flex-grow-1 ml-2"
      >
        <div>
          <strong>
            Version 1
            
            <!---->
          </strong>
        </div>
      </div>
       
      <!---->
    </router-link-stub>
  </gldropdownitem-stub>
</gldropdown-stub>
`;

exports[`Design management design version dropdown component renders design version list 1`] = `
<gldropdown-stub
  class="design-version-dropdown"
  issueiid=""
  projectpath=""
  text="Showing Latest Version"
  variant="link"
>
  <gldropdownitem-stub>
    <router-link-stub
      class="d-flex js-version-link"
      to="[object Object]"
    >
      <div
        class="flex-grow-1 ml-2"
      >
        <div>
          <strong>
            Version 2
            
            <span>
              (latest)
            </span>
          </strong>
        </div>
      </div>
       
      <i
        class="fa fa-check pull-right"
      />
    </router-link-stub>
  </gldropdownitem-stub>
  <gldropdownitem-stub>
    <router-link-stub
      class="d-flex js-version-link"
      to="[object Object]"
    >
      <div
        class="flex-grow-1 ml-2"
      >
        <div>
          <strong>
            Version 1
            
            <!---->
          </strong>
        </div>
      </div>
       
      <!---->
    </router-link-stub>
  </gldropdownitem-stub>
</gldropdown-stub>
`;
