// Jest Snapshot v1, https://goo.gl/fbAQLP

exports[`UpdateScheduleModal renders update schedule modal layout 1`] = `
<gl-modal-stub
  actioncancel="[object Object]"
  actionprimary="[object Object]"
  data-testid="update-schedule-modal-37"
  modalclass=""
  modalid="updateScheduleModal"
  size="sm"
  title="Edit schedule"
  titletag="h4"
>
  <!---->
   
  <add-edit-schedule-form-stub
    form="[object Object]"
    schedule="[object Object]"
  />
</gl-modal-stub>
`;
