// Jest Snapshot v1, https://goo.gl/fbAQLP

exports[`Project PathNavigation displays correctly loading is false matches the snapshot 1`] = `
<div
  class="gl-path-nav"
  data-testid="gl-path-nav"
  style="--path-bg-color: white;"
>
  <span
    class="gl-path-fade gl-path-fade-left"
    style="display: none;"
  >
    <button
      aria-label="Scroll left"
      class="gl-clear-icon-button"
    >
      <svg
        aria-hidden="true"
        class="gl-icon s32"
        data-testid="chevron-left-icon"
        role="img"
      >
        <use
          href="#chevron-left"
        />
      </svg>
    </button>
  </span>
   
  <ul
    class="gl-path-nav-list"
  >
    <li
      class="gl-path-nav-list-item"
      id="path-6-item-0"
    >
      <button
        class="gl-path-button gl-path-active-item-indigo"
      >
        <!---->
        
        Issue
        <span
          class="gl-font-weight-normal gl-pl-2"
        >
          172800
        </span>
      </button>
       
      <div
        class="gl-popover"
        data-testid="stage-item-popover"
      >
         
        <div
          class="gl-px-4"
        >
          <div
            class="gl-display-flex gl-justify-content-space-between"
          >
            <div
              class="gl-pr-4 gl-pb-4"
            >
              
            Stage time (median)
          
            </div>
             
            <div
              class="gl-pb-4 gl-font-weight-bold"
            >
              172800
            </div>
          </div>
        </div>
         
        <div
          class="gl-px-4"
        >
          <div
            class="gl-display-flex gl-justify-content-space-between"
          >
            <div
              class="gl-pr-4 gl-pb-4"
            >
              
            Items in stage
          
            </div>
             
            <div
              class="gl-pb-4 gl-font-weight-bold"
            >
              -
            </div>
          </div>
        </div>
         
        <div
          class="gl-px-4 gl-pt-4 gl-border-t-1 gl-border-t-solid gl-border-gray-50"
        >
          <!---->
           
          <!---->
        </div>
        Issue
      </div>
    </li>
    <li
      class="gl-path-nav-list-item"
      id="path-6-item-1"
    >
      <button
        class="gl-path-button"
      >
        <!---->
        
        Plan
        <span
          class="gl-font-weight-normal gl-pl-2"
        >
          86400
        </span>
      </button>
       
      <div
        class="gl-popover"
        data-testid="stage-item-popover"
      >
         
        <div
          class="gl-px-4"
        >
          <div
            class="gl-display-flex gl-justify-content-space-between"
          >
            <div
              class="gl-pr-4 gl-pb-4"
            >
              
            Stage time (median)
          
            </div>
             
            <div
              class="gl-pb-4 gl-font-weight-bold"
            >
              86400
            </div>
          </div>
        </div>
         
        <div
          class="gl-px-4"
        >
          <div
            class="gl-display-flex gl-justify-content-space-between"
          >
            <div
              class="gl-pr-4 gl-pb-4"
            >
              
            Items in stage
          
            </div>
             
            <div
              class="gl-pb-4 gl-font-weight-bold"
            >
              -
            </div>
          </div>
        </div>
         
        <div
          class="gl-px-4 gl-pt-4 gl-border-t-1 gl-border-t-solid gl-border-gray-50"
        >
          <!---->
           
          <!---->
        </div>
        Plan
      </div>
    </li>
    <li
      class="gl-path-nav-list-item"
      id="path-6-item-2"
    >
      <button
        class="gl-path-button"
      >
        <!---->
        
        Code
        <span
          class="gl-font-weight-normal gl-pl-2"
        >
          129600
        </span>
      </button>
       
      <div
        class="gl-popover"
        data-testid="stage-item-popover"
      >
         
        <div
          class="gl-px-4"
        >
          <div
            class="gl-display-flex gl-justify-content-space-between"
          >
            <div
              class="gl-pr-4 gl-pb-4"
            >
              
            Stage time (median)
          
            </div>
             
            <div
              class="gl-pb-4 gl-font-weight-bold"
            >
              129600
            </div>
          </div>
        </div>
         
        <div
          class="gl-px-4"
        >
          <div
            class="gl-display-flex gl-justify-content-space-between"
          >
            <div
              class="gl-pr-4 gl-pb-4"
            >
              
            Items in stage
          
            </div>
             
            <div
              class="gl-pb-4 gl-font-weight-bold"
            >
              -
            </div>
          </div>
        </div>
         
        <div
          class="gl-px-4 gl-pt-4 gl-border-t-1 gl-border-t-solid gl-border-gray-50"
        >
          <!---->
           
          <!---->
        </div>
        Code
      </div>
    </li>
  </ul>
   
  <span
    class="gl-path-fade gl-path-fade-right"
    style="display: none;"
  >
    <button
      aria-label="Scroll right"
      class="gl-clear-icon-button"
    >
      <svg
        aria-hidden="true"
        class="gl-icon s32"
        data-testid="chevron-right-icon"
        role="img"
      >
        <use
          href="#chevron-right"
        />
      </svg>
    </button>
  </span>
</div>
`;
