// Jest Snapshot v1, https://goo.gl/fbAQLP

exports[`packages_list renders 1`] = `
<div
  class="d-flex flex-column align-items-end"
>
  <glsorting-stub
    class="my-3"
    isascending="true"
    sortdirectiontooltip="Sort direction"
    text="Name"
  >
    <div>
      
        Name
      
    </div>
    <div>
      
        Version
      
    </div>
    <div>
      
        Type
      
    </div>
    <div>
      
        Created
      
    </div>
  </glsorting-stub>
   
  <table
    aria-busy="false"
    aria-colcount="5"
    class="table b-table gl-table"
    id="__BVID__9"
  >
    <!---->
    <!---->
    <thead
      class=""
      role="rowgroup"
    >
      <!---->
      <tr
        role="row"
      >
        <th
          aria-colindex="1"
          class=""
          role="columnheader"
          scope="col"
        >
          Name
        </th>
        <th
          aria-colindex="2"
          class=""
          role="columnheader"
          scope="col"
        >
          Version
        </th>
        <th
          aria-colindex="3"
          class=""
          role="columnheader"
          scope="col"
        >
          Type
        </th>
        <th
          aria-colindex="4"
          class=""
          role="columnheader"
          scope="col"
        >
          Created
        </th>
        <th
          aria-colindex="5"
          aria-label="Actions"
          class=""
          role="columnheader"
          scope="col"
        >
          
        </th>
      </tr>
    </thead>
    <!---->
    <tbody
      class=""
      role="rowgroup"
    >
      <!---->
      <tr
        class=""
        role="row"
      >
        <td
          aria-colindex="1"
          class="w-25"
          role="cell"
        >
          <div
            class="flex-truncate-parent"
          >
            <a
              class="flex-truncate-child"
              data-qa-selector="package_link"
              href="/asd/lol"
            >
              
            Test package
          
            </a>
          </div>
        </td>
        <td
          aria-colindex="2"
          class=""
          role="cell"
        >
          
        1.0.0
      
        </td>
        <td
          aria-colindex="3"
          class=""
          role="cell"
        >
          
        maven
      
        </td>
        <td
          aria-colindex="4"
          class=""
          role="cell"
        >
          <timeagotooltip-stub
            cssclass=""
            time=""
            tooltipplacement="top"
          />
        </td>
        <td
          aria-colindex="5"
          class="text-right"
          role="cell"
        >
          <glbutton-stub
            aria-label="Remove package"
            title="Remove package"
            variant="danger"
          >
            <icon-stub
              name="remove"
              size="16"
            />
          </glbutton-stub>
        </td>
      </tr>
      <tr
        class=""
        role="row"
      >
        <td
          aria-colindex="1"
          class="w-25"
          role="cell"
        >
          <div
            class="flex-truncate-parent"
          >
            <a
              class="flex-truncate-child"
              data-qa-selector="package_link"
              href="/asd/lol"
            >
              
            @Test/package
          
            </a>
          </div>
        </td>
        <td
          aria-colindex="2"
          class=""
          role="cell"
        >
          
        
      
        </td>
        <td
          aria-colindex="3"
          class=""
          role="cell"
        >
          
        npm
      
        </td>
        <td
          aria-colindex="4"
          class=""
          role="cell"
        >
          <timeagotooltip-stub
            cssclass=""
            time=""
            tooltipplacement="top"
          />
        </td>
        <td
          aria-colindex="5"
          class="text-right"
          role="cell"
        >
          <glbutton-stub
            aria-label="Remove package"
            title="Remove package"
            variant="danger"
          >
            <icon-stub
              name="remove"
              size="16"
            />
          </glbutton-stub>
        </td>
      </tr>
      <!---->
      <!---->
    </tbody>
  </table>
   
  <glpagination-stub
    align="center"
    class="w-100"
    ellipsistext="…"
    labelfirstpage="Go to first page"
    labellastpage="Go to last page"
    labelnextpage="Go to next page"
    labelpage="function _default(page) {
        return \\"Go to page \\".concat(page);
      }"
    labelprevpage="Go to previous page"
    limits="[object Object]"
    nexttext="Next ›"
    perpage="20"
    prevtext="‹ Prev"
    totalitems="100"
    value="1"
  />
   
  <glmodal-stub
    modalclass=""
    modalid="confirm-delete-pacakge"
    ok-variant="danger"
    titletag="h4"
  >
      
    <p />
  </glmodal-stub>
</div>
`;
